[cryptex.to/index.html]
[backblue.gif]
[fade.gif]
[index.html]
[cryptex.to/lib/css/dist/block-library/style.min.css]
[cryptex.to/modules/8516d2654f/includes/css/styles.css]
[cryptex.to/modules/4b36101dcc/public/assets/css/rs6.css]
[cryptex.to/views/5261539cab/assets/vendors/font-awesome/css/font-awesome.min.css]
[cryptex.to/views/5261539cab/assets/vendors/bootstrap/css/bootstrap.min.css]
[cryptex.to/views/5261539cab/design.css]
[cryptex.to/views/5261539cab/assets/css/theme-responsive-min.min.css]
[cryptex.to/views/5261539cab/assets/css/theme.min.css]
[cryptex.to/views/5261539cab/assets/css/theme-responsive-max.min.css]
[cryptex.to/modules/910a07777b/assets/css/js_composer.min.css]
[cryptex.to/modules/7d86a1a8e2/assets/css/liquid-gdpr.min.css]
[cryptex.to/modules/d74c3de78d/assets/css/landinghub-core.min.css]
[cryptex.to/storage/liquid-styles/liquid-responsive-100d545.css]
[cryptex.to/lib/js/jquery/jquery.min.js]
[cryptex.to/lib/js/jquery/jquery-migrate.min.js]
[cryptex.to/modules/4b36101dcc/public/assets/js/rbtools.min.js]
[cryptex.to/modules/d74c3de78d/extensions/redux-typekit/liquid-typekit.js]
[cryptex.to/modules/4b36101dcc/public/assets/js/rs6.min.js]
[cryptex.to/index.php/wp-json/oembed/1.0/embedd806.json]
[cryptex.to/index.php/wp-json/oembed/1.0/embed1306]
[cryptex.to/storage/2021/06/favicon-16x16-1.png]
[cryptex.to/storage/2021/06/apple-icon-57x57-1.png]
[cryptex.to/storage/2021/06/apple-icon-114x114-1.png]
[cryptex.to/storage/2021/06/apple-icon-72x72-1.png]
[cryptex.to/./index.html]
[cryptex.to/storage/2021/06/cryptex-logo.png]
[cryptex.to/modules/910a07777b/assets/lib/bower/font-awesome/css/v4-shims.min.css]
[cryptex.to/modules/910a07777b/assets/lib/bower/font-awesome/css/all.min.css]
[cryptex.to/unlimited-earnings/index.html]
[cryptex.to/views/5261539cab/assets/vendors/liquid-icon/lqd-essentials/lqd-essentials.min.css]
[cryptex.to/views/5261539cab/assets/vendors/fresco/css/fresco.css]
[cryptex.to/how-apply-for-referral-program/index.html]
[cryptex.to/faq-referral-program/index.html]
[cryptex.to/views/5261539cab/assets/vendors/jquery-ui/jquery-ui.css]
[cryptex.to/jobs-join-the-frontier/index.html]
[cryptex.to/modules/d74c3de78d/shortcodes/header-woo-search/header-woo-search.js]
[cryptex.to/stake-longer/index.html]
[cryptex.to/best-referral/index.html]
[cryptex.to/discover/index.html]
[cryptex.to/lib/js/dist/vendor/regenerator-runtime.min.js]
[cryptex.to/why-cryptex/index.html]
[cryptex.to/1st-of-its-kind/index.html]
[cryptex.to/defi-hybrid-contract/index.html]
[cryptex.to/lib/js/dist/vendor/wp-polyfill.min.js]
[cryptex.to/no-risk/index.html]
[cryptex.to/modules/8516d2654f/includes/js/index.js]
[cryptex.to/made-to-win/index.html]
[cryptex.to/how-apply/index.html]
[cryptex.to/faq-defi-contract/index.html]
[cryptex.to/modules/7d86a1a8e2/assets/js/liquid-gdpr.min.js]
[cryptex.to/working-together/index.html]
[cryptex.to/for-you/index.html]
[cryptex.to/for-ambassadors/index.html]
[cryptex.to/for-leaders/index.html]
[cryptex.to/views/5261539cab/assets/vendors/gsap/utils/SplitText.min.js]
[cryptex.to/views/5261539cab/assets/vendors/fresco/js/fresco.js]
[cryptex.to/green-planet/index.html]
[cryptex.to/journey/index.html]
[cryptex.to/views/5261539cab/assets/vendors/lity/lity.min.js]
[cryptex.to/privacy-and-security/index.html]
[cryptex.to/cookie-policy/index.html]
[cryptex.to/modules/910a07777b/assets/js/dist/js_composer_front.min.js]
[cryptex.to/terms-and-conditions/index.html]
[cryptex.to/views/5261539cab/assets/vendors/particles.min.js]
[cryptex.to/views/5261539cab/assets/vendors/vivus.min.js]
[cryptex.to/views/5261539cab/assets/vendors/flickity/flickity.pkgd.min.js]
[cryptex.to/views/5261539cab/assets/vendors/flickity/flickity-fade.min.js]
[cryptex.to/views/5261539cab/assets/vendors/fastdom/fastdom.min.js]
[cryptex.to/views/5261539cab/assets/vendors/bootstrap/js/bootstrap.min.js]
[cryptex.to/lib/js/imagesloaded.min.js]
[cryptex.to/views/5261539cab/assets/vendors/jquery-ui/jquery-ui.min.js]
[cryptex.to/views/5261539cab/assets/vendors/gsap/minified/gsap.min.js]
[cryptex.to/views/5261539cab/assets/vendors/gsap/utils/CustomEase.min.js]
[cryptex.to/views/5261539cab/assets/vendors/gsap/minified/ScrollTrigger.min.js]
[cryptex.to/views/5261539cab/assets/vendors/fontfaceobserver.js]
[cryptex.to/views/5261539cab/assets/vendors/lazyload.min.js]
[cryptex.to/views/5261539cab/assets/vendors/tinycolor-min.js]
[cryptex.to/index.html]
[cryptex.to/index.php/feed/index.html]
[cryptex.to/index.php/comments/feed/index.html]
[cryptex.to/views/5261539cab/assets/vendors/liquid-icon/lqd-essentials/fonts/lqd-essentials.html]
[cryptex.to/lib/css/dist/block-library/style.min.css]
[cryptex.to/modules/8516d2654f/includes/css/styles.css]
[cryptex.to/views/5261539cab/assets/js/theme.min.js]
[cryptex.to/modules/4b36101dcc/public/assets/fonts/revicons/revicons90c6.eot]
[cryptex.to/feed/index.html]
[cryptex.to/comments/feed/index.html]
[cryptex.to/modules/4b36101dcc/public/assets/fonts/revicons/revicons90c6.woff]
[cryptex.to/modules/4b36101dcc/public/assets/fonts/revicons/revicons90c6.ttf]
[cryptex.to/modules/4b36101dcc/public/assets/assets/gridtile.png]
[cryptex.to/modules/4b36101dcc/public/assets/assets/gridtile_white.png]
[cryptex.to/modules/4b36101dcc/public/assets/assets/gridtile_3x3.png]
[cryptex.to/modules/4b36101dcc/public/assets/assets/gridtile_3x3_white.png]
[cryptex.to/modules/4b36101dcc/public/assets/assets/coloredbg.png]
[cryptex.to/modules/4b36101dcc/public/assets/assets/loader.gif]
[cryptex.to/modules/4b36101dcc/public/assets/css/rs6.css]
[cryptex.to/views/5261539cab/assets/vendors/font-awesome/fonts/fontawesome-webfont3e6e.eot]
[cryptex.to/views/5261539cab/assets/vendors/font-awesome/fonts/fontawesome-webfontd41d.eot]
[cryptex.to/views/5261539cab/assets/vendors/font-awesome/fonts/fontawesome-webfont3e6e.woff]
[cryptex.to/views/5261539cab/assets/vendors/font-awesome/fonts/fontawesome-webfont3e6e.ttf]
[cryptex.to/views/5261539cab/assets/vendors/font-awesome/css/font-awesome.min.css]
[cryptex.to/views/5261539cab/assets/vendors/bootstrap/css/bootstrap.min.css]
[cryptex.to/views/5261539cab/design.css]
[cryptex.to/views/5261539cab/assets/img/spinners/spinner-1.gif]
[cryptex.to/views/5261539cab/assets/css/theme.min.css]
[cryptex.to/views/5261539cab/assets/css/theme-responsive-min.min.css]
[cryptex.to/views/5261539cab/assets/css/theme-responsive-max.min.css]
[cryptex.to/modules/910a07777b/assets/fonts/vc_icons_v2/fonts/vcpb-plugin-iconsb82a.eot]
[cryptex.to/modules/910a07777b/assets/fonts/vc_icons_v2/fonts/vcpb-plugin-iconsb82a.ttf]
[cryptex.to/modules/910a07777b/assets/fonts/vc_icons_v2/fonts/vcpb-plugin-iconsb82a.woff]
[cryptex.to/modules/910a07777b/assets/images/spinner.gif]
[cryptex.to/modules/910a07777b/assets/css/js_composer.min.css]
[cryptex.to/modules/7d86a1a8e2/assets/css/liquid-gdpr.min.css]
[cryptex.to/modules/d74c3de78d/assets/css/landinghub-core.min.css]
[cryptex.to/storage/liquid-styles/liquid-responsive-100d545.css]
[cryptex.to/./index.html]
[cryptex.to/storage/2020/11/bg-circles97d4.svg]
[cryptex.to/index.php/discover/index.html]
[cryptex.to/index.php/why-cryptex/index.html]
[cryptex.to/index.php/1st-of-its-kind/index.html]
[cryptex.to/index.php/defi-hybrid-contract/index.html]
[cryptex.to/index.php/no-risk/index.html]
[cryptex.to/index.php/made-to-win/index.html]
[cryptex.to/index.php/stake-longer/index.html]
[cryptex.to/index.php/how-apply/index.html]
[cryptex.to/index.php/faq-defi-contract/index.html]
[cryptex.to/index.php/working-together/index.html]
[cryptex.to/index.php/best-referral/index.html]
[cryptex.to/unlimited-earnings/index.html]
[cryptex.to/index.php/for-you/index.html]
[cryptex.to/index.php/for-ambassadors/index.html]
[cryptex.to/index.php/for-leaders/index.html]
[cryptex.to/how-apply-for-referral-program/index.html]
[cryptex.to/faq-referral-program/index.html]
[cryptex.to/index.php/green-planet/index.html]
[cryptex.to/index.php/journey/index.html]
[cryptex.to/index.php/unlimited-earnings/index.html]
[cryptex.to/index.php/how-apply-for-referral-program/index.html]
[cryptex.to/jobs-join-the-frontier/index.html]
[cryptex.to/index.php/terms-and-conditions/index.html]
[cryptex.to/index.php/privacy-and-security/index.html]
[cryptex.to/index.php/cookie-policy/index.html]
[cryptex.to/index.php/support-center/index.html]
[cryptex.to/index.php/contact/index.html]
[cryptex.to/storage/2020/10/Group-28148.svg]
[cryptex.to/storage/2020/11/circle.svg]
[cryptex.to/support-center/index.html]
[cryptex.to/contact/index.html]
[cryptex.to/stake-longer/index.html]
[cryptex.to/best-referral/index.html]
[cryptex.to/discover/index.html]
[cryptex.to/why-cryptex/index.html]
[cryptex.to/views/5261539cab/assets/vendors/threejs/build/three.min.js]
[cryptex.to/1st-of-its-kind/index.html]
[cryptex.to/views/5261539cab/assets/img/mockups/phone/mockup-1.png]
[cryptex.to/defi-hybrid-contract/index.html]
[cryptex.to/no-risk/index.html]
[cryptex.to/made-to-win/index.html]
[cryptex.to/how-apply/index.html]
[cryptex.to/faq-defi-contract/index.html]
[cryptex.to/storage/2021/07/cryptex-up-to-20-level.jpg]
[cryptex.to/working-together/index.html]
[cryptex.to/for-you/index.html]
[cryptex.to/for-ambassadors/index.html]
[cryptex.to/for-leaders/index.html]
[cryptex.tohttps://cryptex.to/storage/2021/08/cryptex_amazonas_trees_project8a6c.jpg]
[cryptex.to/green-planet/index.html]
[cryptex.to/journey/index.html]
[cryptex.to/terms-and-conditions/index.html]
[cryptex.to/privacy-and-security/index.html]
[cryptex.to/cookie-policy/index.html]
[cryptex.to/modules/910a07777b/assets/lib/bower/font-awesome/css/v4-shims.min.css]
[cryptex.to/modules/910a07777b/assets/lib/bower/font-awesome/webfonts/fa-brands-400.eot]
[cryptex.to/modules/910a07777b/assets/lib/bower/font-awesome/webfonts/fa-brands-400d41d.eot]
[cryptex.to/modules/910a07777b/assets/lib/bower/font-awesome/webfonts/fa-brands-400.woff]
[cryptex.to/modules/910a07777b/assets/lib/bower/font-awesome/webfonts/fa-brands-400.ttf]
[cryptex.to/modules/910a07777b/assets/lib/bower/font-awesome/webfonts/fa-regular-400.eot]
[cryptex.to/modules/910a07777b/assets/lib/bower/font-awesome/webfonts/fa-regular-400d41d.eot]
[cryptex.to/modules/910a07777b/assets/lib/bower/font-awesome/webfonts/fa-regular-400.woff]
[cryptex.to/modules/910a07777b/assets/lib/bower/font-awesome/webfonts/fa-regular-400.ttf]
[cryptex.to/modules/910a07777b/assets/lib/bower/font-awesome/webfonts/fa-solid-900.eot]
[cryptex.to/modules/910a07777b/assets/lib/bower/font-awesome/webfonts/fa-solid-900d41d.eot]
[cryptex.to/modules/910a07777b/assets/lib/bower/font-awesome/webfonts/fa-solid-900.woff]
[cryptex.to/modules/910a07777b/assets/lib/bower/font-awesome/webfonts/fa-solid-900.ttf]
[cryptex.to/modules/910a07777b/assets/lib/bower/font-awesome/css/all.min.css]
[cryptex.to/views/5261539cab/assets/vendors/liquid-icon/lqd-essentials/lqd-essentials.min.css]
[cryptex.to/views/5261539cab/assets/vendors/fresco/fresco-skins/sprite.png]
[cryptex.to/views/5261539cab/assets/vendors/fresco/css/fresco.css]
[cryptex.to/views/5261539cab/assets/vendors/jquery-ui/jquery-ui.css]
[cryptex.to/modules/4b36101dcc/public/assets/fonts/revicons/revicons90c6.svg]
[cryptex.to/modules/4b36101dcc/public/assets/css/openhand.html]
[cryptex.to/modules/4b36101dcc/public/assets/css/closedhand.html]
[cryptex.to/views/5261539cab/assets/vendors/font-awesome/fonts/fontawesome-webfont3e6e.html]
[cryptex.to/views/5261539cab/assets/vendors/font-awesome/fonts/fontawesome-webfont3e6e.svg]
[cryptex.to/modules/910a07777b/assets/liquid/logo/liquid-logo.svg]
[cryptex.to/modules/910a07777b/assets/liquid/logo/liquid-logo-white.svg]
[cryptex.to/modules/910a07777b/assets/vc/loaders/spinner.svg]
[cryptex.to/modules/910a07777b/assets/vc/loaders/spinner-light.svg]
[cryptex.to/modules/910a07777b/assets/fonts/vc_icons_v2/fonts/vcpb-plugin-iconsb82a.svg]
[cryptex.to/modules/910a07777b/assets/images/toggle_open.html]
[cryptex.to/modules/910a07777b/assets/images/toggle_close.html]
[cryptex.to/modules/910a07777b/assets/images/flickr.html]
[cryptex.to/modules/910a07777b/assets/vc/blur.html]
[cryptex.to/modules/910a07777b/assets/vc/tick.html]
[cryptex.to/modules/910a07777b/assets/vc/remove.html]
[cryptex.to/index.php/indexf4ae.html]
[cryptex.to/index.php/wp-json/oembed/1.0/embedd8f9.json]
[cryptex.to/index.php/wp-json/oembed/1.0/embedf535]
[cryptex.to/index.php/index9b2c.html]
[cryptex.to/index.php/wp-json/oembed/1.0/embed00ac.json]
[cryptex.to/index.php/wp-json/oembed/1.0/embed3dd8]
[cryptex.to/index.php/faq-referral-program/index.html]
[cryptex.to/index.php/index553d.html]
[cryptex.to/index.php/wp-json/oembed/1.0/embed9bb9.json]
[cryptex.to/index.php/wp-json/oembed/1.0/embede5d1]
[cryptex.to/index.php/jobs-join-the-frontier/index.html]
[cryptex.to/index.php/index7321.html]
[cryptex.to/index.php/wp-json/oembed/1.0/embed602a.json]
[cryptex.to/index.php/wp-json/oembed/1.0/embed3caf]
[cryptex.to/support-center/index.html]
[cryptex.to/views/5261539cab/assets/vendors/jqury.mb.YTPlayer/jquery.mb.YTPlayer-min.css]
[cryptex.to/views/5261539cab/assets/vendors/jqury.mb.YTPlayer/jquery.mb.YTPlayer.min.js]
[cryptex.to/contact/index.html]
[cryptex.to/index.php/index0d89.html]
[cryptex.to/index.php/wp-json/oembed/1.0/embed37fb.json]
[cryptex.to/index.php/wp-json/oembed/1.0/embed0f4a]
[cryptex.to/index.php/indexf065.html]
[cryptex.to/index.php/wp-json/oembed/1.0/embedccce.json]
[cryptex.to/index.php/wp-json/oembed/1.0/embed62c8]
[cryptex.to/index.php/index24eb.html]
[cryptex.to/index.php/wp-json/oembed/1.0/embed67d2.json]
[cryptex.to/index.php/wp-json/oembed/1.0/embed318e]
[cryptex.to/index.php/index9b9e.html]
[cryptex.to/index.php/wp-json/oembed/1.0/embed96e6.json]
[cryptex.to/index.php/wp-json/oembed/1.0/embed4639]
[cryptex.to/index.php/index246f.html]
[cryptex.to/index.php/wp-json/oembed/1.0/embedf404.json]
[cryptex.to/index.php/wp-json/oembed/1.0/embed2f81]
[cryptex.to/index.php/indexb702.html]
[cryptex.to/index.php/wp-json/oembed/1.0/embed99f2.json]
[cryptex.to/index.php/wp-json/oembed/1.0/embedeeb0]
[cryptex.to/index.php/indexa8fe.html]
[cryptex.to/index.php/wp-json/oembed/1.0/embeda9d4.json]
[cryptex.to/index.php/wp-json/oembed/1.0/embed23ee]
[cryptex.to/index.php/index22b3.html]
[cryptex.to/index.php/wp-json/oembed/1.0/embed0a8a.json]
[cryptex.to/index.php/wp-json/oembed/1.0/embede7dc]
[cryptex.to/index.php/index0edf.html]
[cryptex.to/index.php/wp-json/oembed/1.0/embed1edc.json]
[cryptex.to/index.php/wp-json/oembed/1.0/embedd36c]
[cryptex.to/index.php/index54ff.html]
[cryptex.to/index.php/wp-json/oembed/1.0/embed27db.json]
[cryptex.to/index.php/wp-json/oembed/1.0/embed47a2]
[cryptex.to/index.php/indexf7f8.html]
[cryptex.to/index.php/wp-json/oembed/1.0/embed610e.json]
[cryptex.to/index.php/wp-json/oembed/1.0/embed976a]
[cryptex.to/index.php/indexc90a.html]
[cryptex.to/index.php/wp-json/oembed/1.0/embede8ac.json]
[cryptex.to/index.php/wp-json/oembed/1.0/embed85bd]
[cryptex.to/storage/2020/11/bg-circles.svg]
[cryptex.to/index.php/index42fb.html]
[cryptex.to/index.php/wp-json/oembed/1.0/embedfc8e.json]
[cryptex.to/index.php/wp-json/oembed/1.0/embed5ad8]
[cryptex.to/index.php/indexc1cc.html]
[cryptex.to/index.php/wp-json/oembed/1.0/embed576c.json]
[cryptex.to/index.php/wp-json/oembed/1.0/embedf9fe]
[cryptex.to/index.php/indexac17.html]
[cryptex.to/index.php/wp-json/oembed/1.0/embedd88a.json]
[cryptex.to/index.php/wp-json/oembed/1.0/embedf006]
[cryptex.to/index.php/indexb8d9.html]
[cryptex.to/index.php/wp-json/oembed/1.0/embed111b.json]
[cryptex.to/index.php/wp-json/oembed/1.0/embed3c35]
[cryptex.to/index.php/indexc8dc.html]
[cryptex.to/index.php/wp-json/oembed/1.0/embed709c.json]
[cryptex.to/index.php/wp-json/oembed/1.0/embedb1da]
[cryptex.to/index.php/index7221.html]
[cryptex.to/index.php/wp-json/oembed/1.0/embeddf94.json]
[cryptex.to/index.php/wp-json/oembed/1.0/embed691d]
[cryptex.to/index.php/indexaf75.html]
[cryptex.to/index.php/wp-json/oembed/1.0/embed88cc.json]
[cryptex.to/index.php/wp-json/oembed/1.0/embedbea5]
[cryptex.to/modules/910a07777b/assets/lib/bower/font-awesome/webfonts/fa-brands-400.html]
[cryptex.to/modules/910a07777b/assets/lib/bower/font-awesome/webfonts/fa-brands-400.svg]
[cryptex.to/modules/910a07777b/assets/lib/bower/font-awesome/webfonts/fa-regular-400.html]
[cryptex.to/modules/910a07777b/assets/lib/bower/font-awesome/webfonts/fa-regular-400.svg]
[cryptex.to/modules/910a07777b/assets/lib/bower/font-awesome/webfonts/fa-solid-900.html]
[cryptex.to/modules/910a07777b/assets/lib/bower/font-awesome/webfonts/fa-solid-900.svg]
[cryptex.to/views/5261539cab/assets/vendors/fresco/fresco-skins/sprite.svg]
[cryptex.to/index.php/index77f8.html]
[cryptex.to/index.php/index85be.html]
[cryptex.to/index.php/index2943.html]
[cryptex.to/index.php/indexf244.html]
[cryptex.to/index.php/index195e.html]
[cryptex.to/index.php/wp-json/oembed/1.0/embed1b5b.json]
[cryptex.to/index.php/wp-json/oembed/1.0/embedadcb]
[cryptex.to/index.php/faq/index.html]
[cryptex.to/index.php/faq-security/index.html]
[cryptex.to/index.php/index17bd.html]
[cryptex.to/index.php/wp-json/oembed/1.0/embed8b5b.json]
[cryptex.to/index.php/wp-json/oembed/1.0/embedd103]
[cryptex.to/views/5261539cab/assets/vendors/jqury.mb.YTPlayer/jquery.mb.YTPlayer-min.css]
[cryptex.to/index.php/index02e8.html]
[cryptex.to/index.php/index6dbf.html]
[cryptex.to/index.php/index1214.html]
[cryptex.to/index.php/indexb723.html]
[cryptex.to/index.php/index1b6e.html]
[cryptex.to/index.php/indexb61e.html]
[cryptex.to/index.php/indexfb5e.html]
[cryptex.to/index.php/index3221.html]
[cryptex.to/index.php/index827f.html]
[cryptex.to/index.php/indexf463.html]
[cryptex.to/index.php/index5b07.html]
[cryptex.to/index.php/index0667.html]
[cryptex.to/index.php/indexc2ad.html]
[cryptex.to/index.php/index119e.html]
[cryptex.to/index.php/indexa400.html]
[cryptex.to/index.php/index567e.html]
[cryptex.to/index.php/indexbdf6.html]
[cryptex.to/index.php/index8015.html]
[cryptex.to/index.php/index87f6.html]
[cryptex.to/index.php/index6666.html]
[cryptex.to/index.php/index31c8.html]
[cryptex.to/index.php/indexb2c9.html]
[cryptex.to/index.php/indexd199.html]
[cryptex.to/index.php/index74c3.html]
[cryptex.to/faq/index.html]
[cryptex.to/faq-security/index.html]
[cryptex.to/index.php/index296d.html]
[cryptex.to/index.php/index65dc.html]
[cryptex.to/index.php/indexbd96.html]
[cryptex.to/index.php/index09aa.html]
[cryptex.to/index.php/index2752.html]
[cryptex.to/index.php/index70a7.html]
[cryptex.to/index.php/indexa2a3.html]
[cryptex.to/index.php/index8e69.html]
[cryptex.to/index.php/indexe031.html]
[cryptex.to/index.php/index0de5.html]
[cryptex.to/index.php/indexe57a.html]
[cryptex.to/index.php/indexb6cd.html]
[cryptex.to/index.php/index3169.html]
[cryptex.to/index.php/index49e7.html]
[cryptex.to/index.php/indexd76c.html]
[cryptex.to/index.php/index55bb.html]
[cryptex.to/index.php/indexbd19.html]
[cryptex.to/index.php/index99ed.html]
[cryptex.to/index.php/index8725.html]
[cryptex.to/index.php/indexd318.html]
[cryptex.to/index.php/index95c3.html]
[cryptex.to/index.php/index063e.html]
[cryptex.to/index.php/index89ab.html]
[cryptex.to/index.php/index4f32.html]
[cryptex.to/index.php/index487b.html]
